Archive member included to satisfy reference by file (symbol)

C:/ST/STM32CubeCLT_1.15.1/GNU-tools-for-STM32/bin/../lib/gcc/arm-none-eabi/12.3.1/../../../../arm-none-eabi/lib/thumb/v7e-m+fp/hard\libc_nano.a(libc_a-exit.o)
                              C:/ST/STM32CubeCLT_1.15.1/GNU-tools-for-STM32/bin/../lib/gcc/arm-none-eabi/12.3.1/../../../../arm-none-eabi/lib/thumb/v7e-m+fp/hard/crt0.o (exit)
C:/ST/STM32CubeCLT_1.15.1/GNU-tools-for-STM32/bin/../lib/gcc/arm-none-eabi/12.3.1/../../../../arm-none-eabi/lib/thumb/v7e-m+fp/hard\libc_nano.a(libc_a-findfp.o)
                              C:/ST/STM32CubeCLT_1.15.1/GNU-tools-for-STM32/bin/../lib/gcc/arm-none-eabi/12.3.1/../../../../arm-none-eabi/lib/thumb/v7e-m+fp/hard\libc_nano.a(libc_a-exit.o) (__stdio_exit_handler)
C:/ST/STM32CubeCLT_1.15.1/GNU-tools-for-STM32/bin/../lib/gcc/arm-none-eabi/12.3.1/../../../../arm-none-eabi/lib/thumb/v7e-m+fp/hard\libc_nano.a(libc_a-fwalk.o)
                              C:/ST/STM32CubeCLT_1.15.1/GNU-tools-for-STM32/bin/../lib/gcc/arm-none-eabi/12.3.1/../../../../arm-none-eabi/lib/thumb/v7e-m+fp/hard\libc_nano.a(libc_a-findfp.o) (_fwalk_sglue)
C:/ST/STM32CubeCLT_1.15.1/GNU-tools-for-STM32/bin/../lib/gcc/arm-none-eabi/12.3.1/../../../../arm-none-eabi/lib/thumb/v7e-m+fp/hard\libc_nano.a(libc_a-stdio.o)
                              C:/ST/STM32CubeCLT_1.15.1/GNU-tools-for-STM32/bin/../lib/gcc/arm-none-eabi/12.3.1/../../../../arm-none-eabi/lib/thumb/v7e-m+fp/hard\libc_nano.a(libc_a-findfp.o) (__sread)
C:/ST/STM32CubeCLT_1.15.1/GNU-tools-for-STM32/bin/../lib/gcc/arm-none-eabi/12.3.1/../../../../arm-none-eabi/lib/thumb/v7e-m+fp/hard\libc_nano.a(libc_a-memset.o)
                              C:/ST/STM32CubeCLT_1.15.1/GNU-tools-for-STM32/bin/../lib/gcc/arm-none-eabi/12.3.1/../../../../arm-none-eabi/lib/thumb/v7e-m+fp/hard/crt0.o (memset)
C:/ST/STM32CubeCLT_1.15.1/GNU-tools-for-STM32/bin/../lib/gcc/arm-none-eabi/12.3.1/../../../../arm-none-eabi/lib/thumb/v7e-m+fp/hard\libc_nano.a(libc_a-closer.o)
                              C:/ST/STM32CubeCLT_1.15.1/GNU-tools-for-STM32/bin/../lib/gcc/arm-none-eabi/12.3.1/../../../../arm-none-eabi/lib/thumb/v7e-m+fp/hard\libc_nano.a(libc_a-stdio.o) (_close_r)
C:/ST/STM32CubeCLT_1.15.1/GNU-tools-for-STM32/bin/../lib/gcc/arm-none-eabi/12.3.1/../../../../arm-none-eabi/lib/thumb/v7e-m+fp/hard\libc_nano.a(libc_a-reent.o)
                              C:/ST/STM32CubeCLT_1.15.1/GNU-tools-for-STM32/bin/../lib/gcc/arm-none-eabi/12.3.1/../../../../arm-none-eabi/lib/thumb/v7e-m+fp/hard\libc_nano.a(libc_a-closer.o) (errno)
C:/ST/STM32CubeCLT_1.15.1/GNU-tools-for-STM32/bin/../lib/gcc/arm-none-eabi/12.3.1/../../../../arm-none-eabi/lib/thumb/v7e-m+fp/hard\libc_nano.a(libc_a-impure.o)
                              C:/ST/STM32CubeCLT_1.15.1/GNU-tools-for-STM32/bin/../lib/gcc/arm-none-eabi/12.3.1/../../../../arm-none-eabi/lib/thumb/v7e-m+fp/hard\libc_nano.a(libc_a-reent.o) (_impure_ptr)
C:/ST/STM32CubeCLT_1.15.1/GNU-tools-for-STM32/bin/../lib/gcc/arm-none-eabi/12.3.1/../../../../arm-none-eabi/lib/thumb/v7e-m+fp/hard\libc_nano.a(libc_a-lseekr.o)
                              C:/ST/STM32CubeCLT_1.15.1/GNU-tools-for-STM32/bin/../lib/gcc/arm-none-eabi/12.3.1/../../../../arm-none-eabi/lib/thumb/v7e-m+fp/hard\libc_nano.a(libc_a-stdio.o) (_lseek_r)
C:/ST/STM32CubeCLT_1.15.1/GNU-tools-for-STM32/bin/../lib/gcc/arm-none-eabi/12.3.1/../../../../arm-none-eabi/lib/thumb/v7e-m+fp/hard\libc_nano.a(libc_a-readr.o)
                              C:/ST/STM32CubeCLT_1.15.1/GNU-tools-for-STM32/bin/../lib/gcc/arm-none-eabi/12.3.1/../../../../arm-none-eabi/lib/thumb/v7e-m+fp/hard\libc_nano.a(libc_a-stdio.o) (_read_r)
C:/ST/STM32CubeCLT_1.15.1/GNU-tools-for-STM32/bin/../lib/gcc/arm-none-eabi/12.3.1/../../../../arm-none-eabi/lib/thumb/v7e-m+fp/hard\libc_nano.a(libc_a-writer.o)
                              C:/ST/STM32CubeCLT_1.15.1/GNU-tools-for-STM32/bin/../lib/gcc/arm-none-eabi/12.3.1/../../../../arm-none-eabi/lib/thumb/v7e-m+fp/hard\libc_nano.a(libc_a-stdio.o) (_write_r)
C:/ST/STM32CubeCLT_1.15.1/GNU-tools-for-STM32/bin/../lib/gcc/arm-none-eabi/12.3.1/../../../../arm-none-eabi/lib/thumb/v7e-m+fp/hard\libc_nano.a(libc_a-init.o)
                              C:/ST/STM32CubeCLT_1.15.1/GNU-tools-for-STM32/bin/../lib/gcc/arm-none-eabi/12.3.1/../../../../arm-none-eabi/lib/thumb/v7e-m+fp/hard/crt0.o (__libc_init_array)
C:/ST/STM32CubeCLT_1.15.1/GNU-tools-for-STM32/bin/../lib/gcc/arm-none-eabi/12.3.1/../../../../arm-none-eabi/lib/thumb/v7e-m+fp/hard\libc_nano.a(libc_a-lock.o)
                              C:/ST/STM32CubeCLT_1.15.1/GNU-tools-for-STM32/bin/../lib/gcc/arm-none-eabi/12.3.1/../../../../arm-none-eabi/lib/thumb/v7e-m+fp/hard\libc_nano.a(libc_a-findfp.o) (__retarget_lock_init_recursive)
C:/ST/STM32CubeCLT_1.15.1/GNU-tools-for-STM32/bin/../lib/gcc/arm-none-eabi/12.3.1/../../../../arm-none-eabi/lib/thumb/v7e-m+fp/hard\libc_nano.a(libc_a-freer.o)
[...]
Memory Configuration

Name             Origin             Length             Attributes
RAM              0x20000000         0x00003000         xrw
CCMRAM           0x10000000         0x00001000         xrw
FLASH            0x08000000         0x00010000         xr
*default*        0x00000000         0xffffffff

Linker script and memory map

LOAD C:/ST/STM32CubeCLT_1.15.1/GNU-tools-for-STM32/bin/../lib/gcc/arm-none-eabi/12.3.1/thumb/v7e-m+fp/hard/crti.o
LOAD C:/ST/STM32CubeCLT_1.15.1/GNU-tools-for-STM32/bin/../lib/gcc/arm-none-eabi/12.3.1/thumb/v7e-m+fp/hard/crtbegin.o
LOAD C:/ST/STM32CubeCLT_1.15.1/GNU-tools-for-STM32/bin/../lib/gcc/arm-none-eabi/12.3.1/../../../../arm-none-eabi/lib/thumb/v7e-m+fp/hard/crt0.o
START GROUP
LOAD C:/ST/STM32CubeCLT_1.15.1/GNU-tools-for-STM32/bin/../lib/gcc/arm-none-eabi/12.3.1/../../../../arm-none-eabi/lib/thumb/v7e-m+fp/hard\libc_nano.a
LOAD C:/ST/STM32CubeCLT_1.15.1/GNU-tools-for-STM32/bin/../lib/gcc/arm-none-eabi/12.3.1/../../../../arm-none-eabi/lib/thumb/v7e-m+fp/hard\libm.a
END GROUP
LOAD CMakeFiles/servo_test.dir/Core/Src/main.c.obj
LOAD CMakeFiles/servo_test.dir/Core/Src/stm32f3xx_it.c.obj
LOAD CMakeFiles/servo_test.dir/Core/Src/stm32f3xx_hal_msp.c.obj
LOAD CMakeFiles/servo_test.dir/Drivers/STM32F3xx_HAL_Driver/Src/stm32f3xx_hal_tim.c.obj
LOAD CMakeFiles/servo_test.dir/Drivers/STM32F3xx_HAL_Driver/Src/stm32f3xx_hal_tim_ex.c.obj
LOAD CMakeFiles/servo_test.dir/Drivers/STM32F3xx_HAL_Driver/Src/stm32f3xx_hal.c.obj
LOAD CMakeFiles/servo_test.dir/Drivers/STM32F3xx_HAL_Driver/Src/stm32f3xx_hal_rcc.c.obj
LOAD CMakeFiles/servo_test.dir/Drivers/STM32F3xx_HAL_Driver/Src/stm32f3xx_hal_rcc_ex.c.obj
LOAD CMakeFiles/servo_test.dir/Drivers/STM32F3xx_HAL_Driver/Src/stm32f3xx_hal_gpio.c.obj
LOAD CMakeFiles/servo_test.dir/Drivers/STM32F3xx_HAL_Driver/Src/stm32f3xx_hal_dma.c.obj
LOAD CMakeFiles/servo_test.dir/Drivers/STM32F3xx_HAL_Driver/Src/stm32f3xx_hal_cortex.c.obj
LOAD CMakeFiles/servo_test.dir/Drivers/STM32F3xx_HAL_Driver/Src/stm32f3xx_hal_pwr.c.obj
LOAD CMakeFiles/servo_test.dir/Drivers/STM32F3xx_HAL_Driver/Src/stm32f3xx_hal_pwr_ex.c.obj
LOAD CMakeFiles/servo_test.dir/Drivers/STM32F3xx_HAL_Driver/Src/stm32f3xx_hal_flash.c.obj
LOAD CMakeFiles/servo_test.dir/Drivers/STM32F3xx_HAL_Driver/Src/stm32f3xx_hal_flash_ex.c.obj
LOAD CMakeFiles/servo_test.dir/Drivers/STM32F3xx_HAL_Driver/Src/stm32f3xx_hal_i2c.c.obj
LOAD CMakeFiles/servo_test.dir/Drivers/STM32F3xx_HAL_Driver/Src/stm32f3xx_hal_i2c_ex.c.obj
LOAD CMakeFiles/servo_test.dir/Drivers/STM32F3xx_HAL_Driver/Src/stm32f3xx_hal_exti.c.obj
LOAD CMakeFiles/servo_test.dir/Drivers/STM32F3xx_HAL_Driver/Src/stm32f3xx_hal_uart.c.obj
LOAD CMakeFiles/servo_test.dir/Drivers/STM32F3xx_HAL_Driver/Src/stm32f3xx_hal_uart_ex.c.obj
LOAD CMakeFiles/servo_test.dir/Core/Src/system_stm32f3xx.c.obj
LOAD CMakeFiles/servo_test.dir/Core/Src/sysmem.c.obj
LOAD CMakeFiles/servo_test.dir/Core/Src/syscalls.c.obj
LOAD CMakeFiles/servo_test.dir/startup_stm32f303x8.s.obj
START GROUP
LOAD C:/ST/STM32CubeCLT_1.15.1/GNU-tools-for-STM32/bin/../lib/gcc/arm-none-eabi/12.3.1/thumb/v7e-m+fp/hard\libgcc.a
LOAD C:/ST/STM32CubeCLT_1.15.1/GNU-tools-for-STM32/bin/../lib/gcc/arm-none-eabi/12.3.1/../../../../arm-none-eabi/lib/thumb/v7e-m+fp/hard\libg_nano.a
LOAD C:/ST/STM32CubeCLT_1.15.1/GNU-tools-for-STM32/bin/../lib/gcc/arm-none-eabi/12.3.1/../../../../arm-none-eabi/lib/thumb/v7e-m+fp/hard\libc_nano.a
END GROUP
START GROUP
LOAD C:/ST/STM32CubeCLT_1.15.1/GNU-tools-for-STM32/bin/../lib/gcc/arm-none-eabi/12.3.1/thumb/v7e-m+fp/hard\libgcc.a
LOAD C:/ST/STM32CubeCLT_1.15.1/GNU-tools-for-STM32/bin/../lib/gcc/arm-none-eabi/12.3.1/../../../../arm-none-eabi/lib/thumb/v7e-m+fp/hard\libc_nano.a
END GROUP
LOAD C:/ST/STM32CubeCLT_1.15.1/GNU-tools-for-STM32/bin/../lib/gcc/arm-none-eabi/12.3.1/thumb/v7e-m+fp/hard/crtend.o
LOAD C:/ST/STM32CubeCLT_1.15.1/GNU-tools-for-STM32/bin/../lib/gcc/arm-none-eabi/12.3.1/thumb/v7e-m+fp/hard/crtn.o
                0x20003000                        _estack = (ORIGIN (RAM) + LENGTH (RAM))
                0x00000200                        _Min_Heap_Size = 0x200
                0x00000400                        _Min_Stack_Size = 0x400

.isr_vector     0x08000000      0x188
                0x08000000                        . = ALIGN (0x4)
 *(.isr_vector)
 .isr_vector    0x08000000      0x188 CMakeFiles/servo_test.dir/startup_stm32f303x8.s.obj
                0x08000000                g_pfnVectors
                0x08000188                        . = ALIGN (0x4)

.text           0x08000188     0x38f4
                0x08000188                        . = ALIGN (0x4)
 *(.text)
 .text          0x08000188       0x40 C:/ST/STM32CubeCLT_1.15.1/GNU-tools-for-STM32/bin/../lib/gcc/arm-none-eabi/12.3.1/thumb/v7e-m+fp/hard/crtbegin.o
 *(.text*)
 .text.memset   0x080001c8       0x10 C:/ST/STM32CubeCLT_1.15.1/GNU-tools-for-STM32/bin/../lib/gcc/arm-none-eabi/12.3.1/../../../../arm-none-eabi/lib/thumb/v7e-m+fp/hard\libc_nano.a(libc_a-memset.o)
                0x080001c8                memset
 .text.__libc_init_array
                0x080001d8       0x48 C:/ST/STM32CubeCLT_1.15.1/GNU-tools-for-STM32/bin/../lib/gcc/arm-none-eabi/12.3.1/../../../../arm-none-eabi/lib/thumb/v7e-m+fp/hard\libc_nano.a(libc_a-init.o)
                0x080001d8                __libc_init_array
 .text.HAL_TIM_PeriodElapsedCallback
                0x08000220       0xb4 CMakeFiles/servo_test.dir/Core/Src/main.c.obj
                0x08000220                HAL_TIM_PeriodElapsedCallback
 .text.main     0x080002d4       0xfc CMakeFiles/servo_test.dir/Core/Src/main.c.obj
                0x080002d4                main
 .text.SystemClock_Config
                0x080003d0       0xa4 CMakeFiles/servo_test.dir/Core/Src/main.c.obj
                0x080003d0                SystemClock_Config
 .text.MX_TIM16_Init
                0x08000474       0x4c CMakeFiles/servo_test.dir/Core/Src/main.c.obj
 .text.MX_USART1_UART_Init
                0x080004c0       0x60 CMakeFiles/servo_test.dir/Core/Src/main.c.obj
 .text.MX_USART2_UART_Init
                0x08000520       0x60 CMakeFiles/servo_test.dir/Core/Src/main.c.obj
 .text.MX_GPIO_Init
                0x08000580       0x48 CMakeFiles/servo_test.dir/Core/Src/main.c.obj
 .text.Error_Handler
                0x080005c8        0xc CMakeFiles/servo_test.dir/Core/Src/main.c.obj
                0x080005c8                Error_Handler
 .text.NMI_Handler
                0x080005d4        0x8 CMakeFiles/servo_test.dir/Core/Src/stm32f3xx_it.c.obj
                0x080005d4                NMI_Handler
 .text.HardFault_Handler
                0x080005dc        0x8 CMakeFiles/servo_test.dir/Core/Src/stm32f3xx_it.c.obj
                0x080005dc                HardFault_Handler
 .text.MemManage_Handler
                0x080005e4        0x8 CMakeFiles/servo_test.dir/Core/Src/stm32f3xx_it.c.obj
                0x080005e4                MemManage_Handler
 .text.BusFault_Handler
                0x080005ec        0x8 CMakeFiles/servo_test.dir/Core/Src/stm32f3xx_it.c.obj
                0x080005ec                BusFault_Handler
 .text.UsageFault_Handler
                0x080005f4        0x8 CMakeFiles/servo_test.dir/Core/Src/stm32f3xx_it.c.obj
                0x080005f4                UsageFault_Handler
 .text.SVC_Handler
                0x080005fc        0xe CMakeFiles/servo_test.dir/Core/Src/stm32f3xx_it.c.obj
                0x080005fc                SVC_Handler
 .text.DebugMon_Handler
                0x0800060a        0xe CMakeFiles/servo_test.dir/Core/Src/stm32f3xx_it.c.obj
                0x0800060a                DebugMon_Handler
 .text.PendSV_Handler
                0x08000618        0xe CMakeFiles/servo_test.dir/Core/Src/stm32f3xx_it.c.obj
                0x08000618                PendSV_Handler
 .text.SysTick_Handler
                0x08000626        0xc CMakeFiles/servo_test.dir/Core/Src/stm32f3xx_it.c.obj
                0x08000626                SysTick_Handler
 *fill*         0x08000632        0x2 
 .text.TIM1_UP_TIM16_IRQHandler
                0x08000634       0x14 CMakeFiles/servo_test.dir/Core/Src/stm32f3xx_it.c.obj
                0x08000634                TIM1_UP_TIM16_IRQHandler
 .text.USART1_IRQHandler
                0x08000648       0x14 CMakeFiles/servo_test.dir/Core/Src/stm32f3xx_it.c.obj
                0x08000648                USART1_IRQHandler
 .text.HAL_MspInit
                0x0800065c       0x48 CMakeFiles/servo_test.dir/Core/Src/stm32f3xx_hal_msp.c.obj
                0x0800065c                HAL_MspInit
 .text.HAL_TIM_Base_MspInit
                0x080006a4       0x4c CMakeFiles/servo_test.dir/Core/Src/stm32f3xx_hal_msp.c.obj
                0x080006a4                HAL_TIM_Base_MspInit
 .text.HAL_UART_MspInit
                0x080006f0       0xfc CMakeFiles/servo_test.dir/Core/Src/stm32f3xx_hal_msp.c.obj
                0x080006f0                HAL_UART_MspInit
 .text.HAL_TIM_Base_Init
                0x080007ec       0xae CMakeFiles/servo_test.dir/Drivers/STM32F3xx_HAL_Driver/Src/stm32f3xx_hal_tim.c.obj
                0x080007ec                HAL_TIM_Base_Init
 *fill*         0x0800089a        0x2 
 .text.HAL_TIM_Base_Start_IT
                0x0800089c       0xb8 CMakeFiles/servo_test.dir/Drivers/STM32F3xx_HAL_Driver/Src/stm32f3xx_hal_tim.c.obj
                0x0800089c                HAL_TIM_Base_Start_IT
 .text.HAL_TIM_IRQHandler
                0x08000954      0x23e CMakeFiles/servo_test.dir/Drivers/STM32F3xx_HAL_Driver/Src/stm32f3xx_hal_tim.c.obj
                0x08000954                HAL_TIM_IRQHandler
 .text.HAL_TIM_OC_DelayElapsedCallback
                0x08000b92       0x14 CMakeFiles/servo_test.dir/Drivers/STM32F3xx_HAL_Driver/Src/stm32f3xx_hal_tim.c.obj
                0x08000b92                HAL_TIM_OC_DelayElapsedCallback
 .text.HAL_TIM_IC_CaptureCallback
                0x08000ba6       0x14 CMakeFiles/servo_test.dir/Drivers/STM32F3xx_HAL_Driver/Src/stm32f3xx_hal_tim.c.obj
                0x08000ba6                HAL_TIM_IC_CaptureCallback
 .text.HAL_TIM_PWM_PulseFinishedCallback
                0x08000bba       0x14 CMakeFiles/servo_test.dir/Drivers/STM32F3xx_HAL_Driver/Src/stm32f3xx_hal_tim.c.obj
                0x08000bba                HAL_TIM_PWM_PulseFinishedCallback
 .text.HAL_TIM_TriggerCallback
                0x08000bce       0x14 CMakeFiles/servo_test.dir/Drivers/STM32F3xx_HAL_Driver/Src/stm32f3xx_hal_tim.c.obj
                0x08000bce                HAL_TIM_TriggerCallback
 *fill*         0x08000be2        0x2 
 .text.TIM_Base_SetConfig
                0x08000be4       0xf0 CMakeFiles/servo_test.dir/Drivers/STM32F3xx_HAL_Driver/Src/stm32f3xx_hal_tim.c.obj
                0x08000be4                TIM_Base_SetConfig
 .text.HAL_TIMEx_CommutCallback
                0x08000cd4       0x14 CMakeFiles/servo_test.dir/Drivers/STM32F3xx_HAL_Driver/Src/stm32f3xx_hal_tim_ex.c.obj
                0x08000cd4                HAL_TIMEx_CommutCallback
 .text.HAL_TIMEx_BreakCallback
                0x08000ce8       0x14 CMakeFiles/servo_test.dir/Drivers/STM32F3xx_HAL_Driver/Src/stm32f3xx_hal_tim_ex.c.obj
                0x08000ce8                HAL_TIMEx_BreakCallback
 .text.HAL_TIMEx_Break2Callback
                0x08000cfc       0x14 CMakeFiles/servo_test.dir/Drivers/STM32F3xx_HAL_Driver/Src/stm32f3xx_hal_tim_ex.c.obj
                0x08000cfc                HAL_TIMEx_Break2Callback
 .text.HAL_Init
                0x08000d10       0x2c CMakeFiles/servo_test.dir/Drivers/STM32F3xx_HAL_Driver/Src/stm32f3xx_hal.c.obj
                0x08000d10                HAL_Init
 .text.HAL_InitTick
                0x08000d3c       0x60 CMakeFiles/servo_test.dir/Drivers/STM32F3xx_HAL_Driver/Src/stm32f3xx_hal.c.obj
                0x08000d3c                HAL_InitTick
 .text.HAL_IncTick
                0x08000d9c       0x28 CMakeFiles/servo_test.dir/Drivers/STM32F3xx_HAL_Driver/Src/stm32f3xx_hal.c.obj
                0x08000d9c                HAL_IncTick
 .text.HAL_GetTick
                0x08000dc4       0x18 CMakeFiles/servo_test.dir/Drivers/STM32F3xx_HAL_Driver/Src/stm32f3xx_hal.c.obj
                0x08000dc4                HAL_GetTick
 .text.HAL_RCC_OscConfig
                0x08000ddc     0x107c CMakeFiles/servo_test.dir/Drivers/STM32F3xx_HAL_Driver/Src/stm32f3xx_hal_rcc.c.obj
                0x08000ddc                HAL_RCC_OscConfig
 .text.HAL_RCC_ClockConfig
                0x08001e58      0x2f8 CMakeFiles/servo_test.dir/Drivers/STM32F3xx_HAL_Driver/Src/stm32f3xx_hal_rcc.c.obj
                0x08001e58                HAL_RCC_ClockConfig
 .text.HAL_RCC_GetSysClockFreq
                0x08002150       0xd4 CMakeFiles/servo_test.dir/Drivers/STM32F3xx_HAL_Driver/Src/stm32f3xx_hal_rcc.c.obj
                0x08002150                HAL_RCC_GetSysClockFreq
 .text.HAL_RCC_GetHCLKFreq
                0x08002224       0x18 CMakeFiles/servo_test.dir/Drivers/STM32F3xx_HAL_Driver/Src/stm32f3xx_hal_rcc.c.obj
                0x08002224                HAL_RCC_GetHCLKFreq
 .text.HAL_RCC_GetPCLK1Freq
                0x0800223c       0x44 CMakeFiles/servo_test.dir/Drivers/STM32F3xx_HAL_Driver/Src/stm32f3xx_hal_rcc.c.obj
                0x0800223c                HAL_RCC_GetPCLK1Freq
 .text.HAL_RCC_GetPCLK2Freq
                0x08002280       0x44 CMakeFiles/servo_test.dir/Drivers/STM32F3xx_HAL_Driver/Src/stm32f3xx_hal_rcc.c.obj
                0x08002280                HAL_RCC_GetPCLK2Freq
 .text.HAL_RCCEx_PeriphCLKConfig
                0x080022c4      0x24c CMakeFiles/servo_test.dir/Drivers/STM32F3xx_HAL_Driver/Src/stm32f3xx_hal_rcc_ex.c.obj
                0x080022c4                HAL_RCCEx_PeriphCLKConfig
 .text.HAL_GPIO_Init
                0x08002510      0x2e4 CMakeFiles/servo_test.dir/Drivers/STM32F3xx_HAL_Driver/Src/stm32f3xx_hal_gpio.c.obj
                0x08002510                HAL_GPIO_Init
 .text.HAL_DMA_Abort
                0x080027f4       0x72 CMakeFiles/servo_test.dir/Drivers/STM32F3xx_HAL_Driver/Src/stm32f3xx_hal_dma.c.obj
                0x080027f4                HAL_DMA_Abort
 .text.HAL_DMA_Abort_IT
                0x08002866       0x7c CMakeFiles/servo_test.dir/Drivers/STM32F3xx_HAL_Driver/Src/stm32f3xx_hal_dma.c.obj
                0x08002866                HAL_DMA_Abort_IT
 *fill*         0x080028e2        0x2 
 .text.__NVIC_SetPriorityGrouping
                0x080028e4       0x48 CMakeFiles/servo_test.dir/Drivers/STM32F3xx_HAL_Driver/Src/stm32f3xx_hal_cortex.c.obj
 .text.__NVIC_GetPriorityGrouping
                0x0800292c       0x1c CMakeFiles/servo_test.dir/Drivers/STM32F3xx_HAL_Driver/Src/stm32f3xx_hal_cortex.c.obj
 .text.__NVIC_EnableIRQ
                0x08002948       0x3c CMakeFiles/servo_test.dir/Drivers/STM32F3xx_HAL_Driver/Src/stm32f3xx_hal_cortex.c.obj
 .text.__NVIC_SetPriority
                0x08002984       0x54 CMakeFiles/servo_test.dir/Drivers/STM32F3xx_HAL_Driver/Src/stm32f3xx_hal_cortex.c.obj
 .text.NVIC_EncodePriority
                0x080029d8       0x66 CMakeFiles/servo_test.dir/Drivers/STM32F3xx_HAL_Driver/Src/stm32f3xx_hal_cortex.c.obj
 *fill*         0x08002a3e        0x2 
 .text.SysTick_Config
                0x08002a40       0x44 CMakeFiles/servo_test.dir/Drivers/STM32F3xx_HAL_Driver/Src/stm32f3xx_hal_cortex.c.obj
 .text.HAL_NVIC_SetPriorityGrouping
                0x08002a84       0x16 CMakeFiles/servo_test.dir/Drivers/STM32F3xx_HAL_Driver/Src/stm32f3xx_hal_cortex.c.obj
                0x08002a84                HAL_NVIC_SetPriorityGrouping
 .text.HAL_NVIC_SetPriority
                0x08002a9a       0x38 CMakeFiles/servo_test.dir/Drivers/STM32F3xx_HAL_Driver/Src/stm32f3xx_hal_cortex.c.obj
                0x08002a9a                HAL_NVIC_SetPriority
 .text.HAL_NVIC_EnableIRQ
                0x08002ad2       0x1c CMakeFiles/servo_test.dir/Drivers/STM32F3xx_HAL_Driver/Src/stm32f3xx_hal_cortex.c.obj
                0x08002ad2                HAL_NVIC_EnableIRQ
 .text.HAL_SYSTICK_Config
                0x08002aee       0x18 CMakeFiles/servo_test.dir/Drivers/STM32F3xx_HAL_Driver/Src/stm32f3xx_hal_cortex.c.obj
                0x08002aee                HAL_SYSTICK_Config
 .text.HAL_UART_Init
                0x08002b06       0x9c CMakeFiles/servo_test.dir/Drivers/STM32F3xx_HAL_Driver/Src/stm32f3xx_hal_uart.c.obj
                0x08002b06                HAL_UART_Init
 .text.HAL_UART_Transmit
                0x08002ba2      0x112 CMakeFiles/servo_test.dir/Drivers/STM32F3xx_HAL_Driver/Src/stm32f3xx_hal_uart.c.obj
                0x08002ba2                HAL_UART_Transmit
 .text.HAL_UART_IRQHandler
                0x08002cb4      0x5cc CMakeFiles/servo_test.dir/Drivers/STM32F3xx_HAL_Driver/Src/stm32f3xx_hal_uart.c.obj
                0x08002cb4                HAL_UART_IRQHandler
 .text.HAL_UART_TxCpltCallback
                0x08003280       0x14 CMakeFiles/servo_test.dir/Drivers/STM32F3xx_HAL_Driver/Src/stm32f3xx_hal_uart.c.obj
                0x08003280                HAL_UART_TxCpltCallback
 .text.HAL_UART_ErrorCallback
                0x08003294       0x14 CMakeFiles/servo_test.dir/Drivers/STM32F3xx_HAL_Driver/Src/stm32f3xx_hal_uart.c.obj
                0x08003294                HAL_UART_ErrorCallback
 .text.HAL_UARTEx_RxEventCallback
                0x080032a8       0x18 CMakeFiles/servo_test.dir/Drivers/STM32F3xx_HAL_Driver/Src/stm32f3xx_hal_uart.c.obj
                0x080032a8                HAL_UARTEx_RxEventCallback
 .text.UART_SetConfig
                0x080032c0      0x26c CMakeFiles/servo_test.dir/Drivers/STM32F3xx_HAL_Driver/Src/stm32f3xx_hal_uart.c.obj
                0x080032c0                UART_SetConfig
 .text.UART_AdvFeatureConfig
                0x0800352c      0x144 CMakeFiles/servo_test.dir/Drivers/STM32F3xx_HAL_Driver/Src/stm32f3xx_hal_uart.c.obj
                0x0800352c                UART_AdvFeatureConfig
 .text.UART_CheckIdleState
                0x08003670      0x150 CMakeFiles/servo_test.dir/Drivers/STM32F3xx_HAL_Driver/Src/stm32f3xx_hal_uart.c.obj
                0x08003670                UART_CheckIdleState
 .text.UART_WaitOnFlagUntilTimeout
                0x080037c0       0xce CMakeFiles/servo_test.dir/Drivers/STM32F3xx_HAL_Driver/Src/stm32f3xx_hal_uart.c.obj
                0x080037c0                UART_WaitOnFlagUntilTimeout
 .text.UART_EndRxTransfer
                0x0800388e       0xc8 CMakeFiles/servo_test.dir/Drivers/STM32F3xx_HAL_Driver/Src/stm32f3xx_hal_uart.c.obj
 .text.UART_DMAAbortOnError
                0x08003956       0x2c CMakeFiles/servo_test.dir/Drivers/STM32F3xx_HAL_Driver/Src/stm32f3xx_hal_uart.c.obj
 .text.UART_EndTransmit_IT
                0x08003982       0x54 CMakeFiles/servo_test.dir/Drivers/STM32F3xx_HAL_Driver/Src/stm32f3xx_hal_uart.c.obj
 .text.HAL_UARTEx_WakeupCallback
                0x080039d6       0x14 CMakeFiles/servo_test.dir/Drivers/STM32F3xx_HAL_Driver/Src/stm32f3xx_hal_uart_ex.c.obj
                0x080039d6                HAL_UARTEx_WakeupCallback
 *fill*         0x080039ea        0x2 
 .text.SystemInit
                0x080039ec       0x24 CMakeFiles/servo_test.dir/Core/Src/system_stm32f3xx.c.obj
                0x080039ec                SystemInit
 .text.Reset_Handler
                0x08003a10       0x50 CMakeFiles/servo_test.dir/startup_stm32f303x8.s.obj
                0x08003a10                Reset_Handler
 .text.Default_Handler
                0x08003a60        0x2 CMakeFiles/servo_test.dir/startup_stm32f303x8.s.obj
                0x08003a60                RTC_Alarm_IRQHandler
                0x08003a60                TIM1_CC_IRQHandler
                0x08003a60                PVD_IRQHandler
                0x08003a60                TAMP_STAMP_IRQHandler
                0x08003a60                EXTI3_IRQHandler
                0x08003a60                EXTI0_IRQHandler
                0x08003a60                FPU_IRQHandler
                0x08003a60                CAN_TX_IRQHandler
                0x08003a60                ADC1_2_IRQHandler
                0x08003a60                SPI1_IRQHandler
                0x08003a60                CAN_SCE_IRQHandler
                0x08003a60                DMA1_Channel4_IRQHandler
                0x08003a60                USART3_IRQHandler
                0x08003a60                DMA1_Channel7_IRQHandler
                0x08003a60                TIM7_DAC2_IRQHandler
                0x08003a60                CAN_RX1_IRQHandler
                0x08003a60                I2C1_EV_IRQHandler
                0x08003a60                DMA1_Channel6_IRQHandler
                0x08003a60                TIM3_IRQHandler
                0x08003a60                RCC_IRQHandler
                0x08003a60                DMA1_Channel1_IRQHandler
                0x08003a60                Default_Handler
                0x08003a60                EXTI15_10_IRQHandler
                0x08003a60                COMP2_IRQHandler
                0x08003a60                TIM6_DAC1_IRQHandler
                0x08003a60                EXTI9_5_IRQHandler
                0x08003a60                RTC_WKUP_IRQHandler
                0x08003a60                DMA1_Channel5_IRQHandler
                0x08003a60                EXTI4_IRQHandler
                0x08003a60                TIM1_TRG_COM_TIM17_IRQHandler
                0x08003a60                DMA1_Channel3_IRQHandler
                0x08003a60                WWDG_IRQHandler
                0x08003a60                TIM2_IRQHandler
                0x08003a60                EXTI1_IRQHandler
                0x08003a60                COMP4_6_IRQHandler
                0x08003a60                USART2_IRQHandler
                0x08003a60                DMA1_Channel2_IRQHandler
                0x08003a60                FLASH_IRQHandler
                0x08003a60                CAN_RX0_IRQHandler
                0x08003a60                I2C1_ER_IRQHandler
                0x08003a60                EXTI2_TSC_IRQHandler
                0x08003a60                TIM1_BRK_TIM15_IRQHandler
 *(.glue_7)
 .glue_7        0x08003a62        0x0 linker stubs
 *(.glue_7t)
 .glue_7t       0x08003a62        0x0 linker stubs
 *(.eh_frame)
 *fill*         0x08003a62        0x2 
 .eh_frame      0x08003a64        0x0 C:/ST/STM32CubeCLT_1.15.1/GNU-tools-for-STM32/bin/../lib/gcc/arm-none-eabi/12.3.1/thumb/v7e-m+fp/hard/crtbegin.o
 *(.init)
 .init          0x08003a64        0x4 C:/ST/STM32CubeCLT_1.15.1/GNU-tools-for-STM32/bin/../lib/gcc/arm-none-eabi/12.3.1/thumb/v7e-m+fp/hard/crti.o
                0x08003a64                _init
 .init          0x08003a68        0x8 C:/ST/STM32CubeCLT_1.15.1/GNU-tools-for-STM32/bin/../lib/gcc/arm-none-eabi/12.3.1/thumb/v7e-m+fp/hard/crtn.o
 *(.fini)
 .fini          0x08003a70        0x4 C:/ST/STM32CubeCLT_1.15.1/GNU-tools-for-STM32/bin/../lib/gcc/arm-none-eabi/12.3.1/thumb/v7e-m+fp/hard/crti.o
                0x08003a70                _fini
 .fini          0x08003a74        0x8 C:/ST/STM32CubeCLT_1.15.1/GNU-tools-for-STM32/bin/../lib/gcc/arm-none-eabi/12.3.1/thumb/v7e-m+fp/hard/crtn.o
                0x08003a7c                        . = ALIGN (0x4)
                0x08003a7c                        _etext = .

.vfp11_veneer   0x08003a7c        0x0
 .vfp11_veneer  0x08003a7c        0x0 linker stubs

.v4_bx          0x08003a7c        0x0
 .v4_bx         0x08003a7c        0x0 linker stubs

.iplt           0x08003a7c        0x0
 .iplt          0x08003a7c        0x0 C:/ST/STM32CubeCLT_1.15.1/GNU-tools-for-STM32/bin/../lib/gcc/arm-none-eabi/12.3.1/thumb/v7e-m+fp/hard/crtbegin.o

.rodata         0x08003a7c       0x38
                0x08003a7c                        . = ALIGN (0x4)
 *(.rodata)
 *(.rodata*)
 .rodata.aPLLMULFactorTable
                0x08003a7c       0x10 CMakeFiles/servo_test.dir/Drivers/STM32F3xx_HAL_Driver/Src/stm32f3xx_hal_rcc.c.obj
 .rodata.aPredivFactorTable
                0x08003a8c       0x10 CMakeFiles/servo_test.dir/Drivers/STM32F3xx_HAL_Driver/Src/stm32f3xx_hal_rcc.c.obj
 .rodata.AHBPrescTable
                0x08003a9c       0x10 CMakeFiles/servo_test.dir/Core/Src/system_stm32f3xx.c.obj
                0x08003a9c                AHBPrescTable
 .rodata.APBPrescTable
                0x08003aac        0x8 CMakeFiles/servo_test.dir/Core/Src/system_stm32f3xx.c.obj
                0x08003aac                APBPrescTable
                0x08003ab4                        . = ALIGN (0x4)

.rel.dyn        0x08003ab4        0x0
 .rel.iplt      0x08003ab4        0x0 C:/ST/STM32CubeCLT_1.15.1/GNU-tools-for-STM32/bin/../lib/gcc/arm-none-eabi/12.3.1/thumb/v7e-m+fp/hard/crtbegin.o

.ARM.extab
 *(.ARM.extab* .gnu.linkonce.armextab.*)

.ARM            0x08003ab4        0x0
                0x08003ab4                        __exidx_start = .
 *(.ARM.exidx*)
                0x08003ab4                        __exidx_end = .

.preinit_array  0x08003ab4        0x0
                0x08003ab4                        PROVIDE (__preinit_array_start = .)
 *(.preinit_array*)
                0x08003ab4                        PROVIDE (__preinit_array_end = .)

.init_array     0x08003ab4        0x4
                0x08003ab4                        PROVIDE (__init_array_start = .)
 *(SORT_BY_NAME(.init_array.*))
 *(.init_array*)
 .init_array    0x08003ab4        0x4 C:/ST/STM32CubeCLT_1.15.1/GNU-tools-for-STM32/bin/../lib/gcc/arm-none-eabi/12.3.1/thumb/v7e-m+fp/hard/crtbegin.o
                0x08003ab8                        PROVIDE (__init_array_end = .)

.fini_array     0x08003ab8        0x4
                [!provide]                        PROVIDE (__fini_array_start = .)
 *(SORT_BY_NAME(.fini_array.*))
 *(.fini_array*)
 .fini_array    0x08003ab8        0x4 C:/ST/STM32CubeCLT_1.15.1/GNU-tools-for-STM32/bin/../lib/gcc/arm-none-eabi/12.3.1/thumb/v7e-m+fp/hard/crtbegin.o
                [!provide]                        PROVIDE (__fini_array_end = .)
                0x08003abc                        _sidata = LOADADDR (.data)

.data           0x20000000       0x1c load address 0x08003abc
                0x20000000                        . = ALIGN (0x4)
                0x20000000                        _sdata = .
 *(.data)
 *(.data*)
 .data.set_id   0x20000000        0x4 CMakeFiles/servo_test.dir/Core/Src/main.c.obj
                0x20000000                set_id
 .data.target   0x20000004        0x9 CMakeFiles/servo_test.dir/Core/Src/main.c.obj
                0x20000004                target
 *fill*         0x2000000d        0x3 
 .data.uwTickPrio
                0x20000010        0x4 CMakeFiles/servo_test.dir/Drivers/STM32F3xx_HAL_Driver/Src/stm32f3xx_hal.c.obj
                0x20000010                uwTickPrio
 .data.uwTickFreq
                0x20000014        0x1 CMakeFiles/servo_test.dir/Drivers/STM32F3xx_HAL_Driver/Src/stm32f3xx_hal.c.obj
                0x20000014                uwTickFreq
 *fill*         0x20000015        0x3 
 .data.SystemCoreClock
                0x20000018        0x4 CMakeFiles/servo_test.dir/Core/Src/system_stm32f3xx.c.obj
                0x20000018                SystemCoreClock
                0x2000001c                        . = ALIGN (0x4)
                0x2000001c                        _edata = .
                0x08003ad8                        _siccmram = LOADADDR (.ccmram)

.igot.plt       0x2000001c        0x0 load address 0x08003ad8
 .igot.plt      0x2000001c        0x0 C:/ST/STM32CubeCLT_1.15.1/GNU-tools-for-STM32/bin/../lib/gcc/arm-none-eabi/12.3.1/thumb/v7e-m+fp/hard/crtbegin.o

.ccmram         0x10000000        0x0 load address 0x08003ad8
                0x10000000                        . = ALIGN (0x4)
                0x10000000                        _sccmram = .
 *(.ccmram)
 *(.ccmram*)
                0x10000000                        . = ALIGN (0x4)
                0x10000000                        _eccmram = .
                0x10000000                        . = ALIGN (0x4)

.bss            0x2000001c      0x190
                0x2000001c                        _sbss = .
                0x2000001c                        __bss_start__ = _sbss
 *(.bss)
 .bss           0x2000001c       0x1c C:/ST/STM32CubeCLT_1.15.1/GNU-tools-for-STM32/bin/../lib/gcc/arm-none-eabi/12.3.1/thumb/v7e-m+fp/hard/crtbegin.o
 *(.bss*)
 .bss.htim16    0x20000038       0x4c CMakeFiles/servo_test.dir/Core/Src/main.c.obj
                0x20000038                htim16
 .bss.huart1    0x20000084       0x88 CMakeFiles/servo_test.dir/Core/Src/main.c.obj
                0x20000084                huart1
 .bss.huart2    0x2000010c       0x88 CMakeFiles/servo_test.dir/Core/Src/main.c.obj
                0x2000010c                huart2
 .bss.timeCount
                0x20000194        0x4 CMakeFiles/servo_test.dir/Core/Src/main.c.obj
                0x20000194                timeCount
 .bss.flag      0x20000198        0xc CMakeFiles/servo_test.dir/Core/Src/main.c.obj
                0x20000198                flag
 .bss.round     0x200001a4        0x4 CMakeFiles/servo_test.dir/Core/Src/main.c.obj
                0x200001a4                round
 .bss.uwTick    0x200001a8        0x4 CMakeFiles/servo_test.dir/Drivers/STM32F3xx_HAL_Driver/Src/stm32f3xx_hal.c.obj
                0x200001a8                uwTick
 *(COMMON)
                0x200001ac                        . = ALIGN (0x4)
                0x200001ac                        _ebss = .
                0x200001ac                        __bss_end__ = _ebss

._user_heap_stack
                0x200001ac      0x604
                0x200001b0                        . = ALIGN (0x8)
 *fill*         0x200001ac        0x4 
                [!provide]                        PROVIDE (end = .)
                0x200001b0                        PROVIDE (_end = .)
                0x200003b0                        . = (. + _Min_Heap_Size)
 *fill*         0x200001b0      0x200 
                0x200007b0                        . = (. + _Min_Stack_Size)
 *fill*         0x200003b0      0x400 
                0x200007b0                        . = ALIGN (0x8)

/DISCARD/
 libc.a(*)
 libm.a(*)
 libgcc.a(*)

.ARM.attributes
                0x00000000       0x30
 *(.ARM.attributes)
 .ARM.attributes
                0x00000000       0x22 C:/ST/STM32CubeCLT_1.15.1/GNU-tools-for-STM32/bin/../lib/gcc/arm-none-eabi/12.3.1/thumb/v7e-m+fp/hard/crti.o
 .ARM.attributes
                0x00000022       0x34 C:/ST/STM32CubeCLT_1.15.1/GNU-tools-for-STM32/bin/../lib/gcc/arm-none-eabi/12.3.1/thumb/v7e-m+fp/hard/crtbegin.o
 .ARM.attributes
                0x00000056       0x34 C:/ST/STM32CubeCLT_1.15.1/GNU-tools-for-STM32/bin/../lib/gcc/arm-none-eabi/12.3.1/../../../../arm-none-eabi/lib/thumb/v7e-m+fp/hard\libc_nano.a(libc_a-memset.o)
 .ARM.attributes
                0x0000008a       0x34 C:/ST/STM32CubeCLT_1.15.1/GNU-tools-for-STM32/bin/../lib/gcc/arm-none-eabi/12.3.1/../../../../arm-none-eabi/lib/thumb/v7e-m+fp/hard\libc_nano.a(libc_a-init.o)
 .ARM.attributes
                0x000000be       0x34 CMakeFiles/servo_test.dir/Core/Src/main.c.obj
 .ARM.attributes
                0x000000f2       0x34 CMakeFiles/servo_test.dir/Core/Src/stm32f3xx_it.c.obj
 .ARM.attributes
                0x00000126       0x34 CMakeFiles/servo_test.dir/Core/Src/stm32f3xx_hal_msp.c.obj
 .ARM.attributes
                0x0000015a       0x34 CMakeFiles/servo_test.dir/Drivers/STM32F3xx_HAL_Driver/Src/stm32f3xx_hal_tim.c.obj
 .ARM.attributes
                0x0000018e       0x34 CMakeFiles/servo_test.dir/Drivers/STM32F3xx_HAL_Driver/Src/stm32f3xx_hal_tim_ex.c.obj
 .ARM.attributes
                0x000001c2       0x34 CMakeFiles/servo_test.dir/Drivers/STM32F3xx_HAL_Driver/Src/stm32f3xx_hal.c.obj
 .ARM.attributes
                0x000001f6       0x34 CMakeFiles/servo_test.dir/Drivers/STM32F3xx_HAL_Driver/Src/stm32f3xx_hal_rcc.c.obj
 .ARM.attributes
                0x0000022a       0x34 CMakeFiles/servo_test.dir/Drivers/STM32F3xx_HAL_Driver/Src/stm32f3xx_hal_rcc_ex.c.obj
 .ARM.attributes
                0x0000025e       0x34 CMakeFiles/servo_test.dir/Drivers/STM32F3xx_HAL_Driver/Src/stm32f3xx_hal_gpio.c.obj
 .ARM.attributes
                0x00000292       0x34 CMakeFiles/servo_test.dir/Drivers/STM32F3xx_HAL_Driver/Src/stm32f3xx_hal_dma.c.obj
 .ARM.attributes
                0x000002c6       0x34 CMakeFiles/servo_test.dir/Drivers/STM32F3xx_HAL_Driver/Src/stm32f3xx_hal_cortex.c.obj
 .ARM.attributes
                0x000002fa       0x34 CMakeFiles/servo_test.dir/Drivers/STM32F3xx_HAL_Driver/Src/stm32f3xx_hal_uart.c.obj
 .ARM.attributes
                0x0000032e       0x34 CMakeFiles/servo_test.dir/Drivers/STM32F3xx_HAL_Driver/Src/stm32f3xx_hal_uart_ex.c.obj
 .ARM.attributes
                0x00000362       0x34 CMakeFiles/servo_test.dir/Core/Src/system_stm32f3xx.c.obj
 .ARM.attributes
                0x00000396       0x21 CMakeFiles/servo_test.dir/startup_stm32f303x8.s.obj
 .ARM.attributes
                0x000003b7       0x22 C:/ST/STM32CubeCLT_1.15.1/GNU-tools-for-STM32/bin/../lib/gcc/arm-none-eabi/12.3.1/thumb/v7e-m+fp/hard/crtn.o
OUTPUT(servo_test.elf elf32-littlearm)
LOAD linker stubs
LOAD C:/ST/STM32CubeCLT_1.15.1/GNU-tools-for-STM32/bin/../lib/gcc/arm-none-eabi/12.3.1/../../../../arm-none-eabi/lib/thumb/v7e-m+fp/hard\libc.a
LOAD C:/ST/STM32CubeCLT_1.15.1/GNU-tools-for-STM32/bin/../lib/gcc/arm-none-eabi/12.3.1/../../../../arm-none-eabi/lib/thumb/v7e-m+fp/hard\libm.a
LOAD C:/ST/STM32CubeCLT_1.15.1/GNU-tools-for-STM32/bin/../lib/gcc/arm-none-eabi/12.3.1/thumb/v7e-m+fp/hard\libgcc.a

.debug_frame    0x00000000     0x3584
 .debug_frame   0x00000000       0x20 C:/ST/STM32CubeCLT_1.15.1/GNU-tools-for-STM32/bin/../lib/gcc/arm-none-eabi/12.3.1/../../../../arm-none-eabi/lib/thumb/v7e-m+fp/hard\libc_nano.a(libc_a-memset.o)
 .debug_frame   0x00000020       0x2c C:/ST/STM32CubeCLT_1.15.1/GNU-tools-for-STM32/bin/../lib/gcc/arm-none-eabi/12.3.1/../../../../arm-none-eabi/lib/thumb/v7e-m+fp/hard\libc_nano.a(libc_a-init.o)
 .debug_frame   0x0000004c      0x110 CMakeFiles/servo_test.dir/Core/Src/main.c.obj
 .debug_frame   0x0000015c      0x13c CMakeFiles/servo_test.dir/Core/Src/stm32f3xx_it.c.obj
 .debug_frame   0x00000298       0xc8 CMakeFiles/servo_test.dir/Core/Src/stm32f3xx_hal_msp.c.obj
 .debug_frame   0x00000360     0x121c CMakeFiles/servo_test.dir/Drivers/STM32F3xx_HAL_Driver/Src/stm32f3xx_hal_tim.c.obj
 .debug_frame   0x0000157c      0x688 CMakeFiles/servo_test.dir/Drivers/STM32F3xx_HAL_Driver/Src/stm32f3xx_hal_tim_ex.c.obj
 .debug_frame   0x00001c04      0x334 CMakeFiles/servo_test.dir/Drivers/STM32F3xx_HAL_Driver/Src/stm32f3xx_hal.c.obj
 .debug_frame   0x00001f38      0x214 CMakeFiles/servo_test.dir/Drivers/STM32F3xx_HAL_Driver/Src/stm32f3xx_hal_rcc.c.obj
 .debug_frame   0x0000214c       0xac CMakeFiles/servo_test.dir/Drivers/STM32F3xx_HAL_Driver/Src/stm32f3xx_hal_rcc_ex.c.obj
 .debug_frame   0x000021f8      0x14c CMakeFiles/servo_test.dir/Drivers/STM32F3xx_HAL_Driver/Src/stm32f3xx_hal_gpio.c.obj
 .debug_frame   0x00002344      0x224 CMakeFiles/servo_test.dir/Drivers/STM32F3xx_HAL_Driver/Src/stm32f3xx_hal_dma.c.obj
 .debug_frame   0x00002568      0x428 CMakeFiles/servo_test.dir/Drivers/STM32F3xx_HAL_Driver/Src/stm32f3xx_hal_cortex.c.obj
 .debug_frame   0x00002990      0x9e8 CMakeFiles/servo_test.dir/Drivers/STM32F3xx_HAL_Driver/Src/stm32f3xx_hal_uart.c.obj
 .debug_frame   0x00003378      0x1b4 CMakeFiles/servo_test.dir/Drivers/STM32F3xx_HAL_Driver/Src/stm32f3xx_hal_uart_ex.c.obj
 .debug_frame   0x0000352c       0x58 CMakeFiles/servo_test.dir/Core/Src/system_stm32f3xx.c.obj

.debug_info     0x00000000     0xec6b
 .debug_info    0x00000000      0xf76 CMakeFiles/servo_test.dir/Core/Src/main.c.obj
 .debug_info    0x00000f76      0xa8a CMakeFiles/servo_test.dir/Core/Src/stm32f3xx_it.c.obj
 .debug_info    0x00001a00      0xea2 CMakeFiles/servo_test.dir/Core/Src/stm32f3xx_hal_msp.c.obj
 .debug_info    0x000028a2     0x2a52 CMakeFiles/servo_test.dir/Drivers/STM32F3xx_HAL_Driver/Src/stm32f3xx_hal_tim.c.obj
 .debug_info    0x000052f4     0x156d CMakeFiles/servo_test.dir/Drivers/STM32F3xx_HAL_Driver/Src/stm32f3xx_hal_tim_ex.c.obj
 .debug_info    0x00006861      0x74a CMakeFiles/servo_test.dir/Drivers/STM32F3xx_HAL_Driver/Src/stm32f3xx_hal.c.obj
 .debug_info    0x00006fab     0x14f1 CMakeFiles/servo_test.dir/Drivers/STM32F3xx_HAL_Driver/Src/stm32f3xx_hal_rcc.c.obj
 .debug_info    0x0000849c      0x550 CMakeFiles/servo_test.dir/Drivers/STM32F3xx_HAL_Driver/Src/stm32f3xx_hal_rcc_ex.c.obj
 .debug_info    0x000089ec      0x6a6 CMakeFiles/servo_test.dir/Drivers/STM32F3xx_HAL_Driver/Src/stm32f3xx_hal_gpio.c.obj
 .debug_info    0x00009092      0x6e1 CMakeFiles/servo_test.dir/Drivers/STM32F3xx_HAL_Driver/Src/stm32f3xx_hal_dma.c.obj
 .debug_info    0x00009773      0xa87 CMakeFiles/servo_test.dir/Drivers/STM32F3xx_HAL_Driver/Src/stm32f3xx_hal_cortex.c.obj
 .debug_info    0x0000a1fa     0x39a8 CMakeFiles/servo_test.dir/Drivers/STM32F3xx_HAL_Driver/Src/stm32f3xx_hal_uart.c.obj
 .debug_info    0x0000dba2      0xc92 CMakeFiles/servo_test.dir/Drivers/STM32F3xx_HAL_Driver/Src/stm32f3xx_hal_uart_ex.c.obj
 .debug_info    0x0000e834      0x407 CMakeFiles/servo_test.dir/Core/Src/system_stm32f3xx.c.obj
 .debug_info    0x0000ec3b       0x30 CMakeFiles/servo_test.dir/startup_stm32f303x8.s.obj

.debug_abbrev   0x00000000     0x1fdb
 .debug_abbrev  0x00000000      0x29c CMakeFiles/servo_test.dir/Core/Src/main.c.obj
 .debug_abbrev  0x0000029c      0x19c CMakeFiles/servo_test.dir/Core/Src/stm32f3xx_it.c.obj
 .debug_abbrev  0x00000438      0x1c4 CMakeFiles/servo_test.dir/Core/Src/stm32f3xx_hal_msp.c.obj
 .debug_abbrev  0x000005fc      0x278 CMakeFiles/servo_test.dir/Drivers/STM32F3xx_HAL_Driver/Src/stm32f3xx_hal_tim.c.obj
 .debug_abbrev  0x00000874      0x283 CMakeFiles/servo_test.dir/Drivers/STM32F3xx_HAL_Driver/Src/stm32f3xx_hal_tim_ex.c.obj
 .debug_abbrev  0x00000af7      0x215 CMakeFiles/servo_test.dir/Drivers/STM32F3xx_HAL_Driver/Src/stm32f3xx_hal.c.obj
 .debug_abbrev  0x00000d0c      0x300 CMakeFiles/servo_test.dir/Drivers/STM32F3xx_HAL_Driver/Src/stm32f3xx_hal_rcc.c.obj
 .debug_abbrev  0x0000100c      0x232 CMakeFiles/servo_test.dir/Drivers/STM32F3xx_HAL_Driver/Src/stm32f3xx_hal_rcc_ex.c.obj
 .debug_abbrev  0x0000123e      0x1ca CMakeFiles/servo_test.dir/Drivers/STM32F3xx_HAL_Driver/Src/stm32f3xx_hal_gpio.c.obj
 .debug_abbrev  0x00001408      0x20d CMakeFiles/servo_test.dir/Drivers/STM32F3xx_HAL_Driver/Src/stm32f3xx_hal_dma.c.obj
 .debug_abbrev  0x00001615      0x2f8 CMakeFiles/servo_test.dir/Drivers/STM32F3xx_HAL_Driver/Src/stm32f3xx_hal_cortex.c.obj
 .debug_abbrev  0x0000190d      0x2d1 CMakeFiles/servo_test.dir/Drivers/STM32F3xx_HAL_Driver/Src/stm32f3xx_hal_uart.c.obj
 .debug_abbrev  0x00001bde      0x2bf CMakeFiles/servo_test.dir/Drivers/STM32F3xx_HAL_Driver/Src/stm32f3xx_hal_uart_ex.c.obj
 .debug_abbrev  0x00001e9d      0x11a CMakeFiles/servo_test.dir/Core/Src/system_stm32f3xx.c.obj
 .debug_abbrev  0x00001fb7       0x24 CMakeFiles/servo_test.dir/startup_stm32f303x8.s.obj

.debug_aranges  0x00000000      0xcc8
 .debug_aranges
                0x00000000       0x58 CMakeFiles/servo_test.dir/Core/Src/main.c.obj
 .debug_aranges
                0x00000058       0x70 CMakeFiles/servo_test.dir/Core/Src/stm32f3xx_it.c.obj
 .debug_aranges
                0x000000c8       0x40 CMakeFiles/servo_test.dir/Core/Src/stm32f3xx_hal_msp.c.obj
 .debug_aranges
                0x00000108      0x3e0 CMakeFiles/servo_test.dir/Drivers/STM32F3xx_HAL_Driver/Src/stm32f3xx_hal_tim.c.obj
 .debug_aranges
                0x000004e8      0x178 CMakeFiles/servo_test.dir/Drivers/STM32F3xx_HAL_Driver/Src/stm32f3xx_hal_tim_ex.c.obj
 .debug_aranges
                0x00000660       0xe0 CMakeFiles/servo_test.dir/Drivers/STM32F3xx_HAL_Driver/Src/stm32f3xx_hal.c.obj
 .debug_aranges
                0x00000740       0x88 CMakeFiles/servo_test.dir/Drivers/STM32F3xx_HAL_Driver/Src/stm32f3xx_hal_rcc.c.obj
 .debug_aranges
                0x000007c8       0x38 CMakeFiles/servo_test.dir/Drivers/STM32F3xx_HAL_Driver/Src/stm32f3xx_hal_rcc_ex.c.obj
 .debug_aranges
                0x00000800       0x58 CMakeFiles/servo_test.dir/Drivers/STM32F3xx_HAL_Driver/Src/stm32f3xx_hal_gpio.c.obj
 .debug_aranges
                0x00000858       0x88 CMakeFiles/servo_test.dir/Drivers/STM32F3xx_HAL_Driver/Src/stm32f3xx_hal_dma.c.obj
 .debug_aranges
                0x000008e0      0x100 CMakeFiles/servo_test.dir/Drivers/STM32F3xx_HAL_Driver/Src/stm32f3xx_hal_cortex.c.obj
 .debug_aranges
                0x000009e0      0x228 CMakeFiles/servo_test.dir/Drivers/STM32F3xx_HAL_Driver/Src/stm32f3xx_hal_uart.c.obj
 .debug_aranges
                0x00000c08       0x70 CMakeFiles/servo_test.dir/Drivers/STM32F3xx_HAL_Driver/Src/stm32f3xx_hal_uart_ex.c.obj
 .debug_aranges
                0x00000c78       0x28 CMakeFiles/servo_test.dir/Core/Src/system_stm32f3xx.c.obj
 .debug_aranges
                0x00000ca0       0x28 CMakeFiles/servo_test.dir/startup_stm32f303x8.s.obj

.debug_rnglists
                0x00000000      0xa08
 .debug_rnglists
                0x00000000       0x40 CMakeFiles/servo_test.dir/Core/Src/main.c.obj
 .debug_rnglists
                0x00000040       0x4f CMakeFiles/servo_test.dir/Core/Src/stm32f3xx_it.c.obj
 .debug_rnglists
                0x0000008f       0x2c CMakeFiles/servo_test.dir/Core/Src/stm32f3xx_hal_msp.c.obj
 .debug_rnglists
                0x000000bb      0x328 CMakeFiles/servo_test.dir/Drivers/STM32F3xx_HAL_Driver/Src/stm32f3xx_hal_tim.c.obj
 .debug_rnglists
                0x000003e3      0x131 CMakeFiles/servo_test.dir/Drivers/STM32F3xx_HAL_Driver/Src/stm32f3xx_hal_tim_ex.c.obj
 .debug_rnglists
                0x00000514       0xa3 CMakeFiles/servo_test.dir/Drivers/STM32F3xx_HAL_Driver/Src/stm32f3xx_hal.c.obj
 .debug_rnglists
                0x000005b7       0x66 CMakeFiles/servo_test.dir/Drivers/STM32F3xx_HAL_Driver/Src/stm32f3xx_hal_rcc.c.obj
 .debug_rnglists
                0x0000061d       0x27 CMakeFiles/servo_test.dir/Drivers/STM32F3xx_HAL_Driver/Src/stm32f3xx_hal_rcc_ex.c.obj
 .debug_rnglists
                0x00000644       0x3f CMakeFiles/servo_test.dir/Drivers/STM32F3xx_HAL_Driver/Src/stm32f3xx_hal_gpio.c.obj
 .debug_rnglists
                0x00000683       0x69 CMakeFiles/servo_test.dir/Drivers/STM32F3xx_HAL_Driver/Src/stm32f3xx_hal_dma.c.obj
 .debug_rnglists
                0x000006ec       0xbb CMakeFiles/servo_test.dir/Drivers/STM32F3xx_HAL_Driver/Src/stm32f3xx_hal_cortex.c.obj
 .debug_rnglists
                0x000007a7      0x1da CMakeFiles/servo_test.dir/Drivers/STM32F3xx_HAL_Driver/Src/stm32f3xx_hal_uart.c.obj
 .debug_rnglists
                0x00000981       0x54 CMakeFiles/servo_test.dir/Drivers/STM32F3xx_HAL_Driver/Src/stm32f3xx_hal_uart_ex.c.obj
 .debug_rnglists
                0x000009d5       0x1a CMakeFiles/servo_test.dir/Core/Src/system_stm32f3xx.c.obj
 .debug_rnglists
                0x000009ef       0x19 CMakeFiles/servo_test.dir/startup_stm32f303x8.s.obj

.debug_macro    0x00000000    0x1ab36
 .debug_macro   0x00000000      0x1d4 CMakeFiles/servo_test.dir/Core/Src/main.c.obj
 .debug_macro   0x000001d4      0xab4 CMakeFiles/servo_test.dir/Core/Src/main.c.obj
 .debug_macro   0x00000c88      0x157 CMakeFiles/servo_test.dir/Core/Src/main.c.obj
 .debug_macro   0x00000ddf       0x2e CMakeFiles/servo_test.dir/Core/Src/main.c.obj
 .debug_macro   0x00000e0d       0x28 CMakeFiles/servo_test.dir/Core/Src/main.c.obj
 .debug_macro   0x00000e35       0x22 CMakeFiles/servo_test.dir/Core/Src/main.c.obj
 .debug_macro   0x00000e57       0x8e CMakeFiles/servo_test.dir/Core/Src/main.c.obj
 .debug_macro   0x00000ee5       0x51 CMakeFiles/servo_test.dir/Core/Src/main.c.obj
 .debug_macro   0x00000f36      0x103 CMakeFiles/servo_test.dir/Core/Src/main.c.obj
 .debug_macro   0x00001039       0x6a CMakeFiles/servo_test.dir/Core/Src/main.c.obj
 .debug_macro   0x000010a3      0x1df CMakeFiles/servo_test.dir/Core/Src/main.c.obj
 .debug_macro   0x00001282       0x1c CMakeFiles/servo_test.dir/Core/Src/main.c.obj
 .debug_macro   0x0000129e       0x22 CMakeFiles/servo_test.dir/Core/Src/main.c.obj
 .debug_macro   0x000012c0       0xd9 CMakeFiles/servo_test.dir/Core/Src/main.c.obj
 .debug_macro   0x00001399      0xf07 CMakeFiles/servo_test.dir/Core/Src/main.c.obj
 .debug_macro   0x000022a0    0x10be0 CMakeFiles/servo_test.dir/Core/Src/main.c.obj
 .debug_macro   0x00012e80       0x6d CMakeFiles/servo_test.dir/Core/Src/main.c.obj
 .debug_macro   0x00012eed     0x3558 CMakeFiles/servo_test.dir/Core/Src/main.c.obj
 .debug_macro   0x00016445      0x189 CMakeFiles/servo_test.dir/Core/Src/main.c.obj
 .debug_macro   0x000165ce       0x55 CMakeFiles/servo_test.dir/Core/Src/main.c.obj
 .debug_macro   0x00016623      0x8f8 CMakeFiles/servo_test.dir/Core/Src/main.c.obj
 .debug_macro   0x00016f1b      0x304 CMakeFiles/servo_test.dir/Core/Src/main.c.obj
 .debug_macro   0x0001721f      0x1b5 CMakeFiles/servo_test.dir/Core/Src/main.c.obj
 .debug_macro   0x000173d4      0x11b CMakeFiles/servo_test.dir/Core/Src/main.c.obj
 .debug_macro   0x000174ef      0x1d5 CMakeFiles/servo_test.dir/Core/Src/main.c.obj
 .debug_macro   0x000176c4      0x1bc CMakeFiles/servo_test.dir/Core/Src/main.c.obj
 .debug_macro   0x00017880       0x34 CMakeFiles/servo_test.dir/Core/Src/main.c.obj
 .debug_macro   0x000178b4       0x3c CMakeFiles/servo_test.dir/Core/Src/main.c.obj
 .debug_macro   0x000178f0       0x57 CMakeFiles/servo_test.dir/Core/Src/main.c.obj
 .debug_macro   0x00017947       0xc5 CMakeFiles/servo_test.dir/Core/Src/main.c.obj
 .debug_macro   0x00017a0c      0x19f CMakeFiles/servo_test.dir/Core/Src/main.c.obj
 .debug_macro   0x00017bab      0x22c CMakeFiles/servo_test.dir/Core/Src/main.c.obj
 .debug_macro   0x00017dd7       0x5b CMakeFiles/servo_test.dir/Core/Src/main.c.obj
 .debug_macro   0x00017e32       0xa5 CMakeFiles/servo_test.dir/Core/Src/main.c.obj
 .debug_macro   0x00017ed7       0x81 CMakeFiles/servo_test.dir/Core/Src/main.c.obj
 .debug_macro   0x00017f58       0xd3 CMakeFiles/servo_test.dir/Core/Src/main.c.obj
 .debug_macro   0x0001802b      0xa59 CMakeFiles/servo_test.dir/Core/Src/main.c.obj
 .debug_macro   0x00018a84       0x59 CMakeFiles/servo_test.dir/Core/Src/main.c.obj
 .debug_macro   0x00018add      0x5ba CMakeFiles/servo_test.dir/Core/Src/main.c.obj
 .debug_macro   0x00019097       0x44 CMakeFiles/servo_test.dir/Core/Src/main.c.obj
 .debug_macro   0x000190db      0x285 CMakeFiles/servo_test.dir/Core/Src/main.c.obj
 .debug_macro   0x00019360       0x40 CMakeFiles/servo_test.dir/Core/Src/main.c.obj
 .debug_macro   0x000193a0      0x1de CMakeFiles/servo_test.dir/Core/Src/stm32f3xx_it.c.obj
 .debug_macro   0x0001957e      0x1d4 CMakeFiles/servo_test.dir/Core/Src/stm32f3xx_hal_msp.c.obj
 .debug_macro   0x00019752      0x1c6 CMakeFiles/servo_test.dir/Drivers/STM32F3xx_HAL_Driver/Src/stm32f3xx_hal_tim.c.obj
 .debug_macro   0x00019918      0x1c5 CMakeFiles/servo_test.dir/Drivers/STM32F3xx_HAL_Driver/Src/stm32f3xx_hal_tim_ex.c.obj
 .debug_macro   0x00019add      0x1e9 CMakeFiles/servo_test.dir/Drivers/STM32F3xx_HAL_Driver/Src/stm32f3xx_hal.c.obj
 .debug_macro   0x00019cc6      0x1e9 CMakeFiles/servo_test.dir/Drivers/STM32F3xx_HAL_Driver/Src/stm32f3xx_hal_rcc.c.obj
 .debug_macro   0x00019eaf      0x1c5 CMakeFiles/servo_test.dir/Drivers/STM32F3xx_HAL_Driver/Src/stm32f3xx_hal_rcc_ex.c.obj
 .debug_macro   0x0001a074      0x1cc CMakeFiles/servo_test.dir/Drivers/STM32F3xx_HAL_Driver/Src/stm32f3xx_hal_gpio.c.obj
 .debug_macro   0x0001a240      0x1c5 CMakeFiles/servo_test.dir/Drivers/STM32F3xx_HAL_Driver/Src/stm32f3xx_hal_dma.c.obj
 .debug_macro   0x0001a405      0x1c5 CMakeFiles/servo_test.dir/Drivers/STM32F3xx_HAL_Driver/Src/stm32f3xx_hal_cortex.c.obj
 .debug_macro   0x0001a5ca      0x1e2 CMakeFiles/servo_test.dir/Drivers/STM32F3xx_HAL_Driver/Src/stm32f3xx_hal_uart.c.obj
 .debug_macro   0x0001a7ac      0x1c5 CMakeFiles/servo_test.dir/Drivers/STM32F3xx_HAL_Driver/Src/stm32f3xx_hal_uart_ex.c.obj
 .debug_macro   0x0001a971      0x1c5 CMakeFiles/servo_test.dir/Core/Src/system_stm32f3xx.c.obj

.debug_line     0x00000000     0xf92e
 .debug_line    0x00000000      0x94b CMakeFiles/servo_test.dir/Core/Src/main.c.obj
 .debug_line    0x0000094b      0x793 CMakeFiles/servo_test.dir/Core/Src/stm32f3xx_it.c.obj
 .debug_line    0x000010de      0x75d CMakeFiles/servo_test.dir/Core/Src/stm32f3xx_hal_msp.c.obj
 .debug_line    0x0000183b     0x3c1b CMakeFiles/servo_test.dir/Drivers/STM32F3xx_HAL_Driver/Src/stm32f3xx_hal_tim.c.obj
 .debug_line    0x00005456     0x19ce CMakeFiles/servo_test.dir/Drivers/STM32F3xx_HAL_Driver/Src/stm32f3xx_hal_tim_ex.c.obj
 .debug_line    0x00006e24      0x952 CMakeFiles/servo_test.dir/Drivers/STM32F3xx_HAL_Driver/Src/stm32f3xx_hal.c.obj
 .debug_line    0x00007776     0x1326 CMakeFiles/servo_test.dir/Drivers/STM32F3xx_HAL_Driver/Src/stm32f3xx_hal_rcc.c.obj
 .debug_line    0x00008a9c      0x9f1 CMakeFiles/servo_test.dir/Drivers/STM32F3xx_HAL_Driver/Src/stm32f3xx_hal_rcc_ex.c.obj
 .debug_line    0x0000948d      0xab5 CMakeFiles/servo_test.dir/Drivers/STM32F3xx_HAL_Driver/Src/stm32f3xx_hal_gpio.c.obj
 .debug_line    0x00009f42      0xc3a CMakeFiles/servo_test.dir/Drivers/STM32F3xx_HAL_Driver/Src/stm32f3xx_hal_dma.c.obj
 .debug_line    0x0000ab7c      0xb38 CMakeFiles/servo_test.dir/Drivers/STM32F3xx_HAL_Driver/Src/stm32f3xx_hal_cortex.c.obj
 .debug_line    0x0000b6b4     0x3020 CMakeFiles/servo_test.dir/Drivers/STM32F3xx_HAL_Driver/Src/stm32f3xx_hal_uart.c.obj
 .debug_line    0x0000e6d4      0xac6 CMakeFiles/servo_test.dir/Drivers/STM32F3xx_HAL_Driver/Src/stm32f3xx_hal_uart_ex.c.obj
 .debug_line    0x0000f19a      0x71a CMakeFiles/servo_test.dir/Core/Src/system_stm32f3xx.c.obj
 .debug_line    0x0000f8b4       0x7a CMakeFiles/servo_test.dir/startup_stm32f303x8.s.obj

.debug_str      0x00000000    0xa0ea1
 .debug_str     0x00000000    0x9dd0a CMakeFiles/servo_test.dir/Core/Src/main.c.obj
                              0x9e053 (size before relaxing)
 .debug_str     0x0009dd0a      0x111 CMakeFiles/servo_test.dir/Core/Src/stm32f3xx_it.c.obj
                              0x9ddc7 (size before relaxing)
 .debug_str     0x0009de1b      0x3a4 CMakeFiles/servo_test.dir/Core/Src/stm32f3xx_hal_msp.c.obj
                              0x9e134 (size before relaxing)
 .debug_str     0x0009e1bf      0xe81 CMakeFiles/servo_test.dir/Drivers/STM32F3xx_HAL_Driver/Src/stm32f3xx_hal_tim.c.obj
                              0x9e9d6 (size before relaxing)
 .debug_str     0x0009f040      0x570 CMakeFiles/servo_test.dir/Drivers/STM32F3xx_HAL_Driver/Src/stm32f3xx_hal_tim_ex.c.obj
                              0x9e22c (size before relaxing)
 .debug_str     0x0009f5b0      0x3c0 CMakeFiles/servo_test.dir/Drivers/STM32F3xx_HAL_Driver/Src/stm32f3xx_hal.c.obj
                              0x9dc9f (size before relaxing)
 .debug_str     0x0009f970      0x2fc CMakeFiles/servo_test.dir/Drivers/STM32F3xx_HAL_Driver/Src/stm32f3xx_hal_rcc.c.obj
                              0x9da4f (size before relaxing)
 .debug_str     0x0009fc6c       0xd7 CMakeFiles/servo_test.dir/Drivers/STM32F3xx_HAL_Driver/Src/stm32f3xx_hal_rcc_ex.c.obj
                              0x9d74e (size before relaxing)
 .debug_str     0x0009fd43      0x1e8 CMakeFiles/servo_test.dir/Drivers/STM32F3xx_HAL_Driver/Src/stm32f3xx_hal_gpio.c.obj
                              0x9d78e (size before relaxing)
 .debug_str     0x0009ff2b      0x22a CMakeFiles/servo_test.dir/Drivers/STM32F3xx_HAL_Driver/Src/stm32f3xx_hal_dma.c.obj
                              0x9d8f7 (size before relaxing)
 .debug_str     0x000a0155      0x285 CMakeFiles/servo_test.dir/Drivers/STM32F3xx_HAL_Driver/Src/stm32f3xx_hal_cortex.c.obj
                              0x9dbc4 (size before relaxing)
 .debug_str     0x000a03da      0x858 CMakeFiles/servo_test.dir/Drivers/STM32F3xx_HAL_Driver/Src/stm32f3xx_hal_uart.c.obj
                              0x9e2d2 (size before relaxing)
 .debug_str     0x000a0c32      0x1c7 CMakeFiles/servo_test.dir/Drivers/STM32F3xx_HAL_Driver/Src/stm32f3xx_hal_uart_ex.c.obj
                              0x9dbd7 (size before relaxing)
 .debug_str     0x000a0df9       0x64 CMakeFiles/servo_test.dir/Core/Src/system_stm32f3xx.c.obj
                              0x9d5af (size before relaxing)
 .debug_str     0x000a0e5d       0x44 CMakeFiles/servo_test.dir/startup_stm32f303x8.s.obj
                                 0x62 (size before relaxing)

.comment        0x00000000       0x43
 .comment       0x00000000       0x43 CMakeFiles/servo_test.dir/Core/Src/main.c.obj
                                 0x44 (size before relaxing)
 .comment       0x00000043       0x44 CMakeFiles/servo_test.dir/Core/Src/stm32f3xx_it.c.obj
 .comment       0x00000043       0x44 CMakeFiles/servo_test.dir/Core/Src/stm32f3xx_hal_msp.c.obj
 .comment       0x00000043       0x44 CMakeFiles/servo_test.dir/Drivers/STM32F3xx_HAL_Driver/Src/stm32f3xx_hal_tim.c.obj
 .comment       0x00000043       0x44 CMakeFiles/servo_test.dir/Drivers/STM32F3xx_HAL_Driver/Src/stm32f3xx_hal_tim_ex.c.obj
 .comment       0x00000043       0x44 CMakeFiles/servo_test.dir/Drivers/STM32F3xx_HAL_Driver/Src/stm32f3xx_hal.c.obj
 .comment       0x00000043       0x44 CMakeFiles/servo_test.dir/Drivers/STM32F3xx_HAL_Driver/Src/stm32f3xx_hal_rcc.c.obj
 .comment       0x00000043       0x44 CMakeFiles/servo_test.dir/Drivers/STM32F3xx_HAL_Driver/Src/stm32f3xx_hal_rcc_ex.c.obj
 .comment       0x00000043       0x44 CMakeFiles/servo_test.dir/Drivers/STM32F3xx_HAL_Driver/Src/stm32f3xx_hal_gpio.c.obj
 .comment       0x00000043       0x44 CMakeFiles/servo_test.dir/Drivers/STM32F3xx_HAL_Driver/Src/stm32f3xx_hal_dma.c.obj
 .comment       0x00000043       0x44 CMakeFiles/servo_test.dir/Drivers/STM32F3xx_HAL_Driver/Src/stm32f3xx_hal_cortex.c.obj
 .comment       0x00000043       0x44 CMakeFiles/servo_test.dir/Drivers/STM32F3xx_HAL_Driver/Src/stm32f3xx_hal_uart.c.obj
 .comment       0x00000043       0x44 CMakeFiles/servo_test.dir/Drivers/STM32F3xx_HAL_Driver/Src/stm32f3xx_hal_uart_ex.c.obj
 .comment       0x00000043       0x44 CMakeFiles/servo_test.dir/Core/Src/system_stm32f3xx.c.obj

.debug_line_str
                0x00000000       0x46
 .debug_line_str
                0x00000000       0x46 CMakeFiles/servo_test.dir/startup_stm32f303x8.s.obj
